// Jest Snapshot v1, https://goo.gl/fbAQLP

exports[`TodoList renders correctly 1`] = `
<div
  className="row"
>
  <div
    className="col-10 offset-1"
  />
</div>
`;
